==========================================================
Starting SLURM Array Job: 702012, Task: 1
Host: n51.gasi-cluster.cluster
Date: Fri Jun 20 15:19:29 KST 2025
Allocated GPUs: 0
---
Running with Parameters:
AD_Name: TSPulse2
Script: Run_Detector_M.py
Dataset Dir: Datasets/TSB-AD-M/
File List: Datasets/File_List/TSB-AD-M-Eva.csv
Extra Args: 
==========================================================
Executing command:
python -u "/home/seokjeongeum/TSB-AD/benchmark_exp/Run_Detector_M.py"   --AD_Name="TSPulse2"   --dataset_dir="Datasets/TSB-AD-M/"   --file_lsit="Datasets/File_List/TSB-AD-M-Eva.csv"   --save True   
CUDA available:  True
cuDNN version:  90501
Optimal_Det_HP:  {}
Processing:130_OPPORTUNITY_id_2_HumanActivity_tr_1045_1st_1145.csv by TSPulse2
evaluation_result:  {'AUC-PR': 0.11088382767508458, 'AUC-ROC': 0.617637664770422, 'VUS-PR': np.float64(0.11550034047262302), 'VUS-ROC': np.float64(0.6191256769133741), 'Standard-F1': np.float64(0.32723158620583825), 'PA-F1': 0.3357193987115247, 'Event-based-F1': np.float64(0.3090096798212953), 'R-based-F1': 0.517100361195072, 'Affiliation-F': 0.8093799639824529}
Processing:132_OPPORTUNITY_id_4_HumanActivity_tr_895_1st_995.csv by TSPulse2
evaluation_result:  {'AUC-PR': 0.036906559389619106, 'AUC-ROC': 0.3655126515110635, 'VUS-PR': np.float64(0.04113515425876994), 'VUS-ROC': np.float64(0.368227375484282), 'Standard-F1': np.float64(0.13300817228326267), 'PA-F1': 0.13300941390829032, 'Event-based-F1': np.float64(0.13300941390829019), 'R-based-F1': 0.40978940949524245, 'Affiliation-F': 0.704373814889761}
Processing:133_OPPORTUNITY_id_5_HumanActivity_tr_1745_1st_6500.csv by TSPulse2
evaluation_result:  {'AUC-PR': 0.7987431629080756, 'AUC-ROC': 0.9919759615384615, 'VUS-PR': np.float64(0.9067573346779135), 'VUS-ROC': np.float64(0.9958896758281528), 'Standard-F1': np.float64(0.8823480104081771), 'PA-F1': 0.8847926267281107, 'Event-based-F1': np.float64(0.88235294117647), 'R-based-F1': 0.8823529411764706, 'Affiliation-F': 0.9917282486391139}
Processing:134_OPPORTUNITY_id_6_HumanActivity_tr_1477_1st_1577.csv by TSPulse2
