==========================================================
Starting SLURM Array Job: 702012, Task: 3
Host: n51.gasi-cluster.cluster
Date: Fri Jun 20 15:19:29 KST 2025
Allocated GPUs: 0
---
Running with Parameters:
AD_Name: TSPulse_ZS_ensemble
Script: Run_Detector_M.py
Dataset Dir: Datasets/TSB-AD-M/
File List: Datasets/File_List/TSB-AD-M-Eva.csv
Extra Args: 
==========================================================
Executing command:
python -u "/home/seokjeongeum/TSB-AD/benchmark_exp/Run_Detector_M.py"   --AD_Name="TSPulse_ZS_ensemble"   --dataset_dir="Datasets/TSB-AD-M/"   --file_lsit="Datasets/File_List/TSB-AD-M-Eva.csv"   --save True   
CUDA available:  True
cuDNN version:  90501
Optimal_Det_HP:  {}
Processing:129_OPPORTUNITY_id_1_HumanActivity_tr_1801_1st_1901.csv by TSPulse_ZS_ensemble
evaluation_result:  {'AUC-PR': 0.019348383226512385, 'AUC-ROC': 0.3183603246783754, 'VUS-PR': np.float64(0.020658514773839388), 'VUS-ROC': np.float64(0.34148063079102386), 'Standard-F1': np.float64(0.06138984302271448), 'PA-F1': 0.235505471174261, 'Event-based-F1': np.float64(0.05846103948755365), 'R-based-F1': 0.08974230609468505, 'Affiliation-F': 0.8321240239033321}
Processing:130_OPPORTUNITY_id_2_HumanActivity_tr_1045_1st_1145.csv by TSPulse_ZS_ensemble
