==========================================================
Starting SLURM Array Job: 702012, Task: 8
Host: n77.gasi-cluster.cluster
Date: Fri Jun 20 15:19:29 KST 2025
Allocated GPUs: 0
---
Running with Parameters:
AD_Name: TSPulse_ZS_fft
Script: Run_Detector_M.py
Dataset Dir: Datasets/TSB-AD-M/
File List: Datasets/File_List/TSB-AD-M-Tuning.csv
Extra Args: --score_dir 'eval/score/multi-tuning/' --save_dir 'eval/metrics/multi-tuning/'
==========================================================
Executing command:
python -u "/home/seokjeongeum/TSB-AD/benchmark_exp/Run_Detector_M.py"   --AD_Name="TSPulse_ZS_fft"   --dataset_dir="Datasets/TSB-AD-M/"   --file_lsit="Datasets/File_List/TSB-AD-M-Tuning.csv"   --save True   --score_dir 'eval/score/multi-tuning/' --save_dir 'eval/metrics/multi-tuning/'
CUDA available:  True
cuDNN version:  90501
Optimal_Det_HP:  {}
Processing:131_OPPORTUNITY_id_3_HumanActivity_tr_7016_1st_26691.csv by TSPulse_ZS_fft
evaluation_result:  {'AUC-PR': 0.007413091104268217, 'AUC-ROC': 0.2817410476265394, 'VUS-PR': np.float64(0.008047960654982395), 'VUS-ROC': np.float64(0.30940737733593493), 'Standard-F1': np.float64(0.025119642344522724), 'PA-F1': 0.11710432931156849, 'Event-based-F1': np.float64(0.024897204722924265), 'R-based-F1': 0.04851716683261812, 'Affiliation-F': 0.6667228292264796}
==========================================================
Task 8 finished with exit code 0 at: Fri Jun 20 15:42:05 KST 2025
==========================================================
