==========================================================
Starting SLURM Array Job: 702012, Task: 7
Host: n56.gasi-cluster.cluster
Date: Fri Jun 20 15:19:29 KST 2025
Allocated GPUs: 0
---
Running with Parameters:
AD_Name: TSPulse_ZS_fft
Script: Run_Detector_M.py
Dataset Dir: Datasets/TSB-AD-M/
File List: Datasets/File_List/TSB-AD-M-Eva.csv
Extra Args: 
==========================================================
Executing command:
python -u "/home/seokjeongeum/TSB-AD/benchmark_exp/Run_Detector_M.py"   --AD_Name="TSPulse_ZS_fft"   --dataset_dir="Datasets/TSB-AD-M/"   --file_lsit="Datasets/File_List/TSB-AD-M-Eva.csv"   --save True   
CUDA available:  True
cuDNN version:  90501
Optimal_Det_HP:  {}
Processing:054_GHL_id_23_Sensor_tr_50000_1st_135001.csv by TSPulse_ZS_fft
evaluation_result:  {'AUC-PR': 0.011493936958784444, 'AUC-ROC': 0.15767844034397477, 'VUS-PR': np.float64(0.013174641361552787), 'VUS-ROC': np.float64(0.18701473717462022), 'Standard-F1': np.float64(0.03665509946466988), 'PA-F1': 0.8833688194937308, 'Event-based-F1': np.float64(0.16296296296296278), 'R-based-F1': 0.1236041403855199, 'Affiliation-F': 0.7542571125490177}
Processing:055_GHL_id_24_Sensor_tr_50000_1st_118124.csv by TSPulse_ZS_fft
