==========================================================
Starting SLURM Array Job: 702012, Task: 6
Host: n53.gasi-cluster.cluster
Date: Fri Jun 20 15:19:29 KST 2025
Allocated GPUs: 0
---
Running with Parameters:
AD_Name: TSPulse_ZS_ensemble
Script: Run_Detector_U.py
Dataset Dir: Datasets/TSB-AD-U/
File List: Datasets/File_List/TSB-AD-U-Tuning.csv
Extra Args: --score_dir 'eval/score/uni-tuning/' --save_dir 'eval/metrics/uni-tuning/'
==========================================================
Executing command:
python -u "/home/seokjeongeum/TSB-AD/benchmark_exp/Run_Detector_U.py"   --AD_Name="TSPulse_ZS_ensemble"   --dataset_dir="Datasets/TSB-AD-U/"   --file_lsit="Datasets/File_List/TSB-AD-U-Tuning.csv"   --save True   --score_dir 'eval/score/uni-tuning/' --save_dir 'eval/metrics/uni-tuning/'
CUDA available:  True
cuDNN version:  90501
Optimal_Det_HP:  {}
==========================================================
Task 6 finished with exit code 0 at: Fri Jun 20 15:19:50 KST 2025
==========================================================
