==========================================================
Starting SLURM Array Job: 702012, Task: 4
Host: n53.gasi-cluster.cluster
Date: Fri Jun 20 15:19:29 KST 2025
Allocated GPUs: 0
---
Running with Parameters:
AD_Name: TSPulse_ZS_ensemble
Script: Run_Detector_M.py
Dataset Dir: Datasets/TSB-AD-M/
File List: Datasets/File_List/TSB-AD-M-Tuning.csv
Extra Args: --score_dir 'eval/score/multi-tuning/' --save_dir 'eval/metrics/multi-tuning/'
==========================================================
Executing command:
python -u "/home/seokjeongeum/TSB-AD/benchmark_exp/Run_Detector_M.py"   --AD_Name="TSPulse_ZS_ensemble"   --dataset_dir="Datasets/TSB-AD-M/"   --file_lsit="Datasets/File_List/TSB-AD-M-Tuning.csv"   --save True   --score_dir 'eval/score/multi-tuning/' --save_dir 'eval/metrics/multi-tuning/'
CUDA available:  True
cuDNN version:  90501
Optimal_Det_HP:  {}
Processing:131_OPPORTUNITY_id_3_HumanActivity_tr_7016_1st_26691.csv by TSPulse_ZS_ensemble
evaluation_result:  {'AUC-PR': 0.007435409822573412, 'AUC-ROC': 0.2841437886217234, 'VUS-PR': np.float64(0.008023727814289653), 'VUS-ROC': np.float64(0.3112563273332367), 'Standard-F1': np.float64(0.02515123215823465), 'PA-F1': 0.11098032621489827, 'Event-based-F1': np.float64(0.024787801397130597), 'R-based-F1': 0.04542951232546694, 'Affiliation-F': 0.6667228280980738}
==========================================================
Task 4 finished with exit code 0 at: Fri Jun 20 15:44:48 KST 2025
==========================================================
