==========================================================
Starting SLURM Array Job: 702012, Task: 16
Host: n56.gasi-cluster.cluster
Date: Fri Jun 20 15:19:29 KST 2025
Allocated GPUs: 0
---
Running with Parameters:
AD_Name: TSPulse_ZS_time
Script: Run_Detector_M.py
Dataset Dir: Datasets/TSB-AD-M/
File List: Datasets/File_List/TSB-AD-M-Tuning.csv
Extra Args: --score_dir 'eval/score/multi-tuning/' --save_dir 'eval/metrics/multi-tuning/'
==========================================================
Executing command:
python -u "/home/seokjeongeum/TSB-AD/benchmark_exp/Run_Detector_M.py"   --AD_Name="TSPulse_ZS_time"   --dataset_dir="Datasets/TSB-AD-M/"   --file_lsit="Datasets/File_List/TSB-AD-M-Tuning.csv"   --save True   --score_dir 'eval/score/multi-tuning/' --save_dir 'eval/metrics/multi-tuning/'
CUDA available:  True
cuDNN version:  90501
Optimal_Det_HP:  {}
Processing:131_OPPORTUNITY_id_3_HumanActivity_tr_7016_1st_26691.csv by TSPulse_ZS_time
evaluation_result:  {'AUC-PR': 0.007159537584194818, 'AUC-ROC': 0.25607557402697295, 'VUS-PR': np.float64(0.007703942641797396), 'VUS-ROC': np.float64(0.2842648251449109), 'Standard-F1': np.float64(0.02400325426520026), 'PA-F1': 0.10431484115694642, 'Event-based-F1': np.float64(0.023243528790279955), 'R-based-F1': 0.05446443307476481, 'Affiliation-F': 0.666718927187687}
Processing:140_CATSv2_id_3_Sensor_tr_28307_1st_28407.csv by TSPulse_ZS_time
