==========================================================
Starting SLURM Array Job: 702012, Task: 13
Host: n56.gasi-cluster.cluster
Date: Fri Jun 20 15:19:29 KST 2025
Allocated GPUs: 0
---
Running with Parameters:
AD_Name: TSPulse_ZS_future
Script: Run_Detector_U.py
Dataset Dir: Datasets/TSB-AD-U/
File List: Datasets/File_List/TSB-AD-U-Eva.csv
Extra Args: 
==========================================================
Executing command:
python -u "/home/seokjeongeum/TSB-AD/benchmark_exp/Run_Detector_U.py"   --AD_Name="TSPulse_ZS_future"   --dataset_dir="Datasets/TSB-AD-U/"   --file_lsit="Datasets/File_List/TSB-AD-U-Eva.csv"   --save True   
CUDA available:  True
cuDNN version:  90501
Optimal_Det_HP:  {}
==========================================================
Task 13 finished with exit code 0 at: Fri Jun 20 15:19:51 KST 2025
==========================================================
