==========================================================
Starting SLURM Array Job: 702012, Task: 9
Host: n78.gasi-cluster.cluster
Date: Fri Jun 20 15:19:29 KST 2025
Allocated GPUs: 0
---
Running with Parameters:
AD_Name: TSPulse_ZS_fft
Script: Run_Detector_U.py
Dataset Dir: Datasets/TSB-AD-U/
File List: Datasets/File_List/TSB-AD-U-Eva.csv
Extra Args: 
==========================================================
Executing command:
python -u "/home/seokjeongeum/TSB-AD/benchmark_exp/Run_Detector_U.py"   --AD_Name="TSPulse_ZS_fft"   --dataset_dir="Datasets/TSB-AD-U/"   --file_lsit="Datasets/File_List/TSB-AD-U-Eva.csv"   --save True   
CUDA available:  True
cuDNN version:  90501
Optimal_Det_HP:  {}
Processing:552_YAHOO_id_2_Synthetic_tr_500_1st_893.csv by TSPulse_ZS_fft
evaluation_result:  {'AUC-PR': 0.014925373134328358, 'AUC-ROC': 0.9535211267605634, 'VUS-PR': np.float64(0.30947245524808986), 'VUS-ROC': np.float64(0.9811678794117388), 'Standard-F1': np.float64(0.029411474916350086), 'PA-F1': 0.028985507246376812, 'Event-based-F1': np.float64(0.02898550724637678), 'R-based-F1': 0.125, 'Affiliation-F': 0.9849827378016628}
Processing:555_YAHOO_id_5_WebService_tr_500_1st_730.csv by TSPulse_ZS_fft
evaluation_result:  {'AUC-PR': 0.04047417043740573, 'AUC-ROC': 0.960173031026253, 'VUS-PR': np.float64(0.3324767523721841), 'VUS-ROC': np.float64(0.9765123713075525), 'Standard-F1': np.float64(0.11110913583758512), 'PA-F1': 0.10810810810810811, 'Event-based-F1': np.float64(0.10810810810810793), 'R-based-F1': 0.10891089108910891, 'Affiliation-F': 0.9672003168564326}
Processing:558_YAHOO_id_8_WebService_tr_500_1st_1125.csv by TSPulse_ZS_fft
evaluation_result:  {'AUC-PR': 0.030431151496493596, 'AUC-ROC': 0.09367112100965107, 'VUS-PR': np.float64(0.03747410286518782), 'VUS-ROC': np.float64(0.16136042225507236), 'Standard-F1': np.float64(0.10617019572084078), 'PA-F1': 0.1288244766505636, 'Event-based-F1': np.float64(0.10498338870431881), 'R-based-F1': 0.30289299701014866, 'Affiliation-F': 0.6673772790488517}
Processing:562_YAHOO_id_12_Synthetic_tr_500_1st_893.csv by TSPulse_ZS_fft
evaluation_result:  {'AUC-PR': 0.012345679012345678, 'AUC-ROC': 0.943661971830986, 'VUS-PR': np.float64(0.4129459595500179), 'VUS-ROC': np.float64(0.9838399675548124), 'Standard-F1': np.float64(0.02439000297679986), 'PA-F1': 0.024390243902439025, 'Event-based-F1': np.float64(0.024390243902438994), 'R-based-F1': 0.024390243902439022, 'Affiliation-F': 0.9855367530407186}
Processing:570_YAHOO_id_20_Synthetic_tr_500_1st_658.csv by TSPulse_ZS_fft
evaluation_result:  {'AUC-PR': 0.04067696671144947, 'AUC-ROC': 0.9599505998588567, 'VUS-PR': np.float64(0.5143474748282033), 'VUS-ROC': np.float64(0.9875259690876615), 'Standard-F1': np.float64(0.11428463674485355), 'PA-F1': 0.11594202898550725, 'Event-based-F1': np.float64(0.10666666666666656), 'R-based-F1': 0.27272727272727276, 'Affiliation-F': 0.9786696894377334}
Processing:571_YAHOO_id_21_Synthetic_tr_500_1st_623.csv by TSPulse_ZS_fft
evaluation_result:  {'AUC-PR': 0.3260414503980636, 'AUC-ROC': 0.9501888574126534, 'VUS-PR': np.float64(0.5813792025528539), 'VUS-ROC': np.float64(0.9621744586571841), 'Standard-F1': np.float64(0.42856683678389157), 'PA-F1': 0.375, 'Event-based-F1': np.float64(0.3749999999999995), 'R-based-F1': 0.375, 'Affiliation-F': 0.9406057966998437}
Processing:579_YAHOO_id_29_WebService_tr_500_1st_1342.csv by TSPulse_ZS_fft
evaluation_result:  {'AUC-PR': 0.017241379310344827, 'AUC-ROC': 0.96605122096486, 'VUS-PR': np.float64(0.07792674317564212), 'VUS-ROC': np.float64(0.9840400917352851), 'Standard-F1': np.float64(0.03389797185044621), 'PA-F1': 0.03333333333333333, 'Event-based-F1': np.float64(0.0333333333333333), 'R-based-F1': 0.0273972602739726, 'Affiliation-F': 0.9886558428527576}
Processing:603_YAHOO_id_53_Synthetic_tr_500_1st_893.csv by TSPulse_ZS_fft
evaluation_result:  {'AUC-PR': 0.021739130434782608, 'AUC-ROC': 0.9683098591549296, 'VUS-PR': np.float64(0.36244388459631277), 'VUS-ROC': np.float64(0.9908703857590104), 'Standard-F1': np.float64(0.04255277501539346), 'PA-F1': 0.03571428571428571, 'Event-based-F1': np.float64(0.03571428571428568), 'R-based-F1': 0.05405405405405406, 'Affiliation-F': 0.9852301065518018}
Processing:644_YAHOO_id_94_WebService_tr_500_1st_1078.csv by TSPulse_ZS_fft
evaluation_result:  {'AUC-PR': 0.027381307446861656, 'AUC-ROC': 0.02900980392156862, 'VUS-PR': np.float64(0.03039699124336553), 'VUS-ROC': np.float64(0.032448959024111955), 'Standard-F1': np.float64(0.09933680431580004), 'PA-F1': 0.09933774834437085, 'Event-based-F1': np.float64(0.09814323607427046), 'R-based-F1': 0.21955529377116775, 'Affiliation-F': 0.8741920634680715}
Processing:645_YAHOO_id_95_WebService_tr_500_1st_1047.csv by TSPulse_ZS_fft
evaluation_result:  {'AUC-PR': 0.019230769230769232, 'AUC-ROC': 0.9696247766527695, 'VUS-PR': np.float64(0.07329856792489578), 'VUS-ROC': np.float64(0.9841503857101921), 'Standard-F1': np.float64(0.037735478821717225), 'PA-F1': 0.03773584905660377, 'Event-based-F1': np.float64(0.03773584905660374), 'R-based-F1': 0.03508771929824561, 'Affiliation-F': 0.9870364787458542}
Processing:649_YAHOO_id_99_WebService_tr_500_1st_1386.csv by TSPulse_ZS_fft
evaluation_result:  {'AUC-PR': 0.025, 'AUC-ROC': 0.9767718880285885, 'VUS-PR': np.float64(0.5630218833477534), 'VUS-ROC': np.float64(0.9950022970141378), 'Standard-F1': np.float64(0.04878001190232291), 'PA-F1': 0.046511627906976744, 'Event-based-F1': np.float64(0.046511627906976695), 'R-based-F1': 0.046511627906976744, 'Affiliation-F': 0.9889415481832539}
Processing:657_YAHOO_id_107_WebService_tr_500_1st_1260.csv by TSPulse_ZS_fft
evaluation_result:  {'AUC-PR': 0.025, 'AUC-ROC': 0.9728978457261988, 'VUS-PR': np.float64(0.6073939242529525), 'VUS-ROC': np.float64(0.995638526492903), 'Standard-F1': np.float64(0.04878001190232291), 'PA-F1': 0.047619047619047616, 'Event-based-F1': np.float64(0.04761904761904757), 'R-based-F1': 0.047619047619047616, 'Affiliation-F': 0.9884088514225495}
Processing:658_YAHOO_id_108_Synthetic_tr_500_1st_893.csv by TSPulse_ZS_fft
evaluation_result:  {'AUC-PR': 0.013513513513513514, 'AUC-ROC': 0.9485915492957746, 'VUS-PR': np.float64(0.4405098971188473), 'VUS-ROC': np.float64(0.989177932591791), 'Standard-F1': np.float64(0.026666403558151558), 'PA-F1': 0.024691358024691357, 'Event-based-F1': np.float64(0.024691358024691332), 'R-based-F1': 0.024390243902439022, 'Affiliation-F': 0.9855367530407186}
Processing:672_YAHOO_id_122_WebService_tr_500_1st_857.csv by TSPulse_ZS_fft
evaluation_result:  {'AUC-PR': 0.0016129032258064516, 'AUC-ROC': 0.631328171530673, 'VUS-PR': np.float64(0.003909390707853948), 'VUS-ROC': np.float64(0.6328662571938214), 'Standard-F1': np.float64(0.003220579762327654), 'PA-F1': 0.0031397174254317113, 'Event-based-F1': np.float64(0.003139717425431708), 'R-based-F1': 0.02469135802469136, 'Affiliation-F': 0.6855599578407352}
Processing:680_YAHOO_id_130_Synthetic_tr_500_1st_893.csv by TSPulse_ZS_fft
evaluation_result:  {'AUC-PR': 0.0136986301369863, 'AUC-ROC': 0.9492957746478873, 'VUS-PR': np.float64(0.4162848358075162), 'VUS-ROC': np.float64(0.9909624113192242), 'Standard-F1': np.float64(0.027026760411687827), 'PA-F1': 0.02666666666666667, 'Event-based-F1': np.float64(0.026666666666666637), 'R-based-F1': 0.02985074626865672, 'Affiliation-F': 0.9851746687317152}
Processing:689_YAHOO_id_139_WebService_tr_500_1st_1073.csv by TSPulse_ZS_fft
evaluation_result:  {'AUC-PR': 0.038461538461538464, 'AUC-ROC': 0.9851101846337106, 'VUS-PR': np.float64(0.130870867474423), 'VUS-ROC': np.float64(0.9908143833877168), 'Standard-F1': np.float64(0.07407336077504438), 'PA-F1': 0.06896551724137931, 'Event-based-F1': np.float64(0.06896551724137923), 'R-based-F1': 0.18181818181818182, 'Affiliation-F': 0.9937981800266614}
Processing:693_YAHOO_id_143_WebService_tr_500_1st_1003.csv by TSPulse_ZS_fft
evaluation_result:  {'AUC-PR': 0.021733111849390918, 'AUC-ROC': 0.9007017543859649, 'VUS-PR': np.float64(0.07875128137541365), 'VUS-ROC': np.float64(0.9267902792209), 'Standard-F1': np.float64(0.06666542224545143), 'PA-F1': 0.05405405405405406, 'Event-based-F1': np.float64(0.054054054054053946), 'R-based-F1': 0.1818181818181818, 'Affiliation-F': 0.9251078578934507}
Processing:701_YAHOO_id_151_Synthetic_tr_500_1st_893.csv by TSPulse_ZS_fft
evaluation_result:  {'AUC-PR': 0.0136986301369863, 'AUC-ROC': 0.9492957746478874, 'VUS-PR': np.float64(0.4950346905414448), 'VUS-ROC': np.float64(0.9891964635471144), 'Standard-F1': np.float64(0.027026760411687827), 'PA-F1': 0.025974025974025976, 'Event-based-F1': np.float64(0.025974025974025945), 'R-based-F1': 0.023255813953488372, 'Affiliation-F': 0.9848123182437084}
Processing:723_YAHOO_id_173_WebService_tr_500_1st_1214.csv by TSPulse_ZS_fft
evaluation_result:  {'AUC-PR': 0.033850129198966405, 'AUC-ROC': 0.9700282087447109, 'VUS-PR': np.float64(0.11575878303976524), 'VUS-ROC': np.float64(0.9795237013551579), 'Standard-F1': np.float64(0.08510556813817739), 'PA-F1': 0.07692307692307693, 'Event-based-F1': np.float64(0.07692307692307684), 'R-based-F1': 0.0392156862745098, 'Affiliation-F': 0.9720100771510362}
Processing:724_YAHOO_id_174_WebService_tr_500_1st_1030.csv by TSPulse_ZS_fft
evaluation_result:  {'AUC-PR': 0.030756155480564932, 'AUC-ROC': 0.9179701492537313, 'VUS-PR': np.float64(0.25047549753813614), 'VUS-ROC': np.float64(0.9409699405287856), 'Standard-F1': np.float64(0.09999625014061973), 'PA-F1': 0.1, 'Event-based-F1': np.float64(0.09999999999999963), 'R-based-F1': 0.1, 'Affiliation-F': 0.9196482156235558}
Processing:734_YAHOO_id_184_WebService_tr_500_1st_768.csv by TSPulse_ZS_fft
evaluation_result:  {'AUC-PR': 0.620027528817287, 'AUC-ROC': 0.9430514612522496, 'VUS-PR': np.float64(0.6906558837212707), 'VUS-ROC': np.float64(0.9512162232247036), 'Standard-F1': np.float64(0.7716766089421533), 'PA-F1': 0.8631178707224335, 'Event-based-F1': np.float64(0.8089430894308938), 'R-based-F1': 0.7748706361898133, 'Affiliation-F': 0.9547857554623927}
Processing:741_YAHOO_id_191_WebService_tr_500_1st_1114.csv by TSPulse_ZS_fft
evaluation_result:  {'AUC-PR': 0.009737076648841355, 'AUC-ROC': 0.9112038140643622, 'VUS-PR': np.float64(0.030361867942260673), 'VUS-ROC': np.float64(0.9270027464858629), 'Standard-F1': np.float64(0.023951859158277775), 'PA-F1': 0.023809523809523808, 'Event-based-F1': np.float64(0.023809523809523787), 'R-based-F1': 0.04545454545454545, 'Affiliation-F': 0.9645252844064678}
Processing:755_YAHOO_id_205_Synthetic_tr_500_1st_893.csv by TSPulse_ZS_fft
evaluation_result:  {'AUC-PR': 0.014084507042253521, 'AUC-ROC': 0.9507042253521127, 'VUS-PR': np.float64(0.3885350825679786), 'VUS-ROC': np.float64(0.9869341095813231), 'Standard-F1': np.float64(0.027777503860725816), 'PA-F1': 0.024390243902439025, 'Event-based-F1': np.float64(0.024390243902438994), 'R-based-F1': 0.024390243902439022, 'Affiliation-F': 0.9855367530407186}
Processing:762_YAHOO_id_212_WebService_tr_500_1st_1055.csv by TSPulse_ZS_fft
evaluation_result:  {'AUC-PR': 0.0017704333008162205, 'AUC-ROC': 0.46722288438617404, 'VUS-PR': np.float64(0.00812868000398082), 'VUS-ROC': np.float64(0.4666554994894338), 'Standard-F1': np.float64(0.003960317146949508), 'PA-F1': 0.0039603960396039604, 'Event-based-F1': np.float64(0.003960396039603952), 'R-based-F1': 0.1111111111111111, 'Affiliation-F': 0.824906403527799}
Processing:780_YAHOO_id_230_Synthetic_tr_500_1st_893.csv by TSPulse_ZS_fft
evaluation_result:  {'AUC-PR': 0.015151515151515152, 'AUC-ROC': 0.9542253521126761, 'VUS-PR': np.float64(0.49891291621660744), 'VUS-ROC': np.float64(0.9887387994474964), 'Standard-F1': np.float64(0.029850452219425897), 'PA-F1': 0.027777777777777776, 'Event-based-F1': np.float64(0.02777777777777775), 'R-based-F1': 0.07999999999999999, 'Affiliation-F': 0.9835391655822044}
Processing:788_YAHOO_id_238_WebService_tr_500_1st_973.csv by TSPulse_ZS_fft
evaluation_result:  {'AUC-PR': 0.001088139281828074, 'AUC-ROC': 0.45324597974985115, 'VUS-PR': np.float64(0.002806407353394878), 'VUS-ROC': np.float64(0.4588681308556173), 'Standard-F1': np.float64(0.0021738913281942325), 'PA-F1': 0.002152852529601722, 'Event-based-F1': np.float64(0.00215285252960172), 'R-based-F1': 0.008474576271186442, 'Affiliation-F': 0.6665142846877498}
Processing:797_YAHOO_id_247_Synthetic_tr_500_1st_893.csv by TSPulse_ZS_fft
evaluation_result:  {'AUC-PR': 0.0013812154696132596, 'AUC-ROC': 0.4908450704225352, 'VUS-PR': np.float64(0.35743576787319187), 'VUS-ROC': np.float64(0.7881381510305995), 'Standard-F1': np.float64(0.0027585931417733146), 'PA-F1': 0.002702702702702703, 'Event-based-F1': np.float64(0.0027027027027027), 'R-based-F1': 0.0026420079260237777, 'Affiliation-F': 0.9433485724995211}
Processing:806_YAHOO_id_256_Synthetic_tr_500_1st_893.csv by TSPulse_ZS_fft
evaluation_result:  {'AUC-PR': 0.00398406374501992, 'AUC-ROC': 0.823943661971831, 'VUS-PR': np.float64(0.3659973322009697), 'VUS-ROC': np.float64(0.9675555892644797), 'Standard-F1': np.float64(0.007936428887156718), 'PA-F1': 0.007722007722007722, 'Event-based-F1': np.float64(0.0077220077220077135), 'R-based-F1': 0.002304147465437788, 'Affiliation-F': 0.9553099197385179}
Processing:807_YAHOO_id_257_WebService_tr_500_1st_1210.csv by TSPulse_ZS_fft
evaluation_result:  {'AUC-PR': 0.09603721227498171, 'AUC-ROC': 0.930787240269242, 'VUS-PR': np.float64(0.4365085134914417), 'VUS-ROC': np.float64(0.9634446393130305), 'Standard-F1': np.float64(0.19540053575378658), 'PA-F1': 0.18518518518518517, 'Event-based-F1': np.float64(0.2247191011235952), 'R-based-F1': 0.15431592637620514, 'Affiliation-F': 0.8239345987381242}
Processing:842_OPPORTUNITY_id_1_HumanActivity_tr_7295_1st_27516.csv by TSPulse_ZS_fft
evaluation_result:  {'AUC-PR': 0.00785244912027389, 'AUC-ROC': 0.34949691004037325, 'VUS-PR': np.float64(0.00847704700549616), 'VUS-ROC': np.float64(0.3742952729664842), 'Standard-F1': np.float64(0.02549812564553286), 'PA-F1': 0.1073345259391771, 'Event-based-F1': np.float64(0.02450385563862682), 'R-based-F1': 0.061786182362853395, 'Affiliation-F': 0.7354976042682269}
Processing:843_OPPORTUNITY_id_2_HumanActivity_tr_808_1st_908.csv by TSPulse_ZS_fft
evaluation_result:  {'AUC-PR': 0.0855082279514955, 'AUC-ROC': 0.24591140765555217, 'VUS-PR': np.float64(0.08788594885279563), 'VUS-ROC': np.float64(0.25290449098841017), 'Standard-F1': np.float64(0.22394153521082025), 'PA-F1': 0.7227848101265822, 'Event-based-F1': np.float64(0.15555318467939813), 'R-based-F1': 0.2811552176477927, 'Affiliation-F': 0.6945756394146034}
Processing:844_OPPORTUNITY_id_3_HumanActivity_tr_500_1st_566.csv by TSPulse_ZS_fft
evaluation_result:  {'AUC-PR': 0.052987595196020254, 'AUC-ROC': 0.47765679094723457, 'VUS-PR': np.float64(0.05634832230981904), 'VUS-ROC': np.float64(0.4888790450087403), 'Standard-F1': np.float64(0.14196719905215222), 'PA-F1': 0.3149837133550489, 'Event-based-F1': np.float64(0.11690745330351193), 'R-based-F1': 0.1544246348165548, 'Affiliation-F': 0.8467674820303375}
Processing:845_OPPORTUNITY_id_4_HumanActivity_tr_7295_1st_27516.csv by TSPulse_ZS_fft
evaluation_result:  {'AUC-PR': 0.011171808787087501, 'AUC-ROC': 0.43083374294728793, 'VUS-PR': np.float64(0.0121514114583105), 'VUS-ROC': np.float64(0.4385401513882383), 'Standard-F1': np.float64(0.03882254082204525), 'PA-F1': 0.5560235888795282, 'Event-based-F1': np.float64(0.046511627906976695), 'R-based-F1': 0.08032119039956143, 'Affiliation-F': 0.9876361734395679}
Processing:846_OPPORTUNITY_id_5_HumanActivity_tr_2085_1st_2185.csv by TSPulse_ZS_fft
evaluation_result:  {'AUC-PR': 0.026619036752096575, 'AUC-ROC': 0.3521538448164795, 'VUS-PR': np.float64(0.0304217850299688), 'VUS-ROC': np.float64(0.3757714579239311), 'Standard-F1': np.float64(0.07580436899765956), 'PA-F1': 0.7728686994399502, 'Event-based-F1': np.float64(0.0710964321411498), 'R-based-F1': 0.07786015374865428, 'Affiliation-F': 0.9570512515591042}
Processing:847_OPPORTUNITY_id_6_HumanActivity_tr_808_1st_908.csv by TSPulse_ZS_fft
evaluation_result:  {'AUC-PR': 0.07091266377802466, 'AUC-ROC': 0.15113647301173921, 'VUS-PR': np.float64(0.07236828242185517), 'VUS-ROC': np.float64(0.15459561320794188), 'Standard-F1': np.float64(0.22394153521082025), 'PA-F1': 0.5224153705397987, 'Event-based-F1': np.float64(0.22379131116995174), 'R-based-F1': 0.3646020635155217, 'Affiliation-F': 0.6800702705055262}
Processing:848_OPPORTUNITY_id_7_HumanActivity_tr_1477_1st_1577.csv by TSPulse_ZS_fft
evaluation_result:  {'AUC-PR': 0.03158667486574631, 'AUC-ROC': 0.5661237696293047, 'VUS-PR': np.float64(0.03696872197378925), 'VUS-ROC': np.float64(0.5929053138150924), 'Standard-F1': np.float64(0.09558308077342731), 'PA-F1': 0.38615309605070697, 'Event-based-F1': np.float64(0.12745098039215666), 'R-based-F1': 0.2549860205032619, 'Affiliation-F': 0.7821229212731058}
Processing:849_OPPORTUNITY_id_8_HumanActivity_tr_1100_1st_1200.csv by TSPulse_ZS_fft
evaluation_result:  {'AUC-PR': 0.023946170834184047, 'AUC-ROC': 0.47641166698454257, 'VUS-PR': np.float64(0.025924901221822623), 'VUS-ROC': np.float64(0.48893147805215353), 'Standard-F1': np.float64(0.07343501027686289), 'PA-F1': 0.39378238341968913, 'Event-based-F1': np.float64(0.08566493955094982), 'R-based-F1': 0.25950961191998967, 'Affiliation-F': 0.8892212419192549}
Processing:850_OPPORTUNITY_id_9_HumanActivity_tr_895_1st_995.csv by TSPulse_ZS_fft
evaluation_result:  {'AUC-PR': 0.03718548430893025, 'AUC-ROC': 0.5651161076863739, 'VUS-PR': np.float64(0.04456034088803791), 'VUS-ROC': np.float64(0.6096988609085281), 'Standard-F1': np.float64(0.10526089237998301), 'PA-F1': 0.3775862068965517, 'Event-based-F1': np.float64(0.11324376199616111), 'R-based-F1': 0.19353162040096233, 'Affiliation-F': 0.9655954945399342}
Processing:851_OPPORTUNITY_id_10_HumanActivity_tr_6213_1st_7311.csv by TSPulse_ZS_fft
evaluation_result:  {'AUC-PR': 0.018585716420737173, 'AUC-ROC': 0.10558569450076899, 'VUS-PR': np.float64(0.02047645831996501), 'VUS-ROC': np.float64(0.1396101035500991), 'Standard-F1': np.float64(0.06779595519161932), 'PA-F1': 0.1421237062994051, 'Event-based-F1': np.float64(0.06772412720628249), 'R-based-F1': 0.1075454877057288, 'Affiliation-F': 0.6821244443133482}
Processing:853_OPPORTUNITY_id_12_HumanActivity_tr_808_1st_908.csv by TSPulse_ZS_fft
evaluation_result:  {'AUC-PR': 0.07502166022596164, 'AUC-ROC': 0.14334285142157313, 'VUS-PR': np.float64(0.07760959675153477), 'VUS-ROC': np.float64(0.14753977352860914), 'Standard-F1': np.float64(0.22394153521082025), 'PA-F1': 0.8794763188294186, 'Event-based-F1': np.float64(0.22379131116995174), 'R-based-F1': 0.33284812272324116, 'Affiliation-F': 0.7448698271546392}
Processing:854_OPPORTUNITY_id_13_HumanActivity_tr_1477_1st_1577.csv by TSPulse_ZS_fft
evaluation_result:  {'AUC-PR': 0.06234558270364011, 'AUC-ROC': 0.6652190368057527, 'VUS-PR': np.float64(0.07346973146387925), 'VUS-ROC': np.float64(0.6891365034891631), 'Standard-F1': np.float64(0.15462019239634306), 'PA-F1': 0.5945945945945946, 'Event-based-F1': np.float64(0.42352941176470543), 'R-based-F1': 0.27952871870397644, 'Affiliation-F': 0.8789401386929743}
Processing:855_OPPORTUNITY_id_14_HumanActivity_tr_808_1st_908.csv by TSPulse_ZS_fft
evaluation_result:  {'AUC-PR': 0.06789278969018295, 'AUC-ROC': 0.08973882970661351, 'VUS-PR': np.float64(0.07015325087853395), 'VUS-ROC': np.float64(0.09964014913783985), 'Standard-F1': np.float64(0.22394153521082025), 'PA-F1': 0.8859581070597362, 'Event-based-F1': np.float64(0.22379131116995174), 'R-based-F1': 0.36642048882255857, 'Affiliation-F': 0.8686796050478657}
Processing:856_OPPORTUNITY_id_15_HumanActivity_tr_808_1st_908.csv by TSPulse_ZS_fft
evaluation_result:  {'AUC-PR': 0.07222326207685452, 'AUC-ROC': 0.17058722658544762, 'VUS-PR': np.float64(0.07431716028648992), 'VUS-ROC': np.float64(0.17790343316318422), 'Standard-F1': np.float64(0.22394153521082025), 'PA-F1': 0.5314099581200559, 'Event-based-F1': np.float64(0.22379131116995174), 'R-based-F1': 0.33898740199186955, 'Affiliation-F': 0.6867860426855298}
Processing:857_OPPORTUNITY_id_16_HumanActivity_tr_500_1st_566.csv by TSPulse_ZS_fft
evaluation_result:  {'AUC-PR': 0.04136021826350617, 'AUC-ROC': 0.2476330791370574, 'VUS-PR': np.float64(0.06477468386917964), 'VUS-ROC': np.float64(0.35184873606116307), 'Standard-F1': np.float64(0.12030991126461002), 'PA-F1': 0.6167091836734694, 'Event-based-F1': np.float64(0.12470308788598562), 'R-based-F1': 0.24542736183125435, 'Affiliation-F': 0.8763386551005112}
Processing:858_OPPORTUNITY_id_17_HumanActivity_tr_808_1st_908.csv by TSPulse_ZS_fft
evaluation_result:  {'AUC-PR': 0.0687070709430028, 'AUC-ROC': 0.10696963025490848, 'VUS-PR': np.float64(0.07061196961796969), 'VUS-ROC': np.float64(0.11366889283801972), 'Standard-F1': np.float64(0.22394153521082025), 'PA-F1': 0.8538317757009346, 'Event-based-F1': np.float64(0.22379131116995174), 'R-based-F1': 0.36560053427807665, 'Affiliation-F': 0.6736477337649401}
Processing:859_OPPORTUNITY_id_18_HumanActivity_tr_895_1st_995.csv by TSPulse_ZS_fft
evaluation_result:  {'AUC-PR': 0.02171526545897042, 'AUC-ROC': 0.37489755297974475, 'VUS-PR': np.float64(0.022489584117294396), 'VUS-ROC': np.float64(0.3827347091982704), 'Standard-F1': np.float64(0.06373164927096626), 'PA-F1': 0.31285714285714283, 'Event-based-F1': np.float64(0.05767711351066625), 'R-based-F1': 0.19943683483307326, 'Affiliation-F': 0.7581404010365973}
Processing:860_OPPORTUNITY_id_19_HumanActivity_tr_808_1st_908.csv by TSPulse_ZS_fft
evaluation_result:  {'AUC-PR': 0.07142973525540115, 'AUC-ROC': 0.16051512734361256, 'VUS-PR': np.float64(0.0739483894923146), 'VUS-ROC': np.float64(0.17037144319706288), 'Standard-F1': np.float64(0.22394153521082025), 'PA-F1': 0.668814055636896, 'Event-based-F1': np.float64(0.22379131116995174), 'R-based-F1': 0.3747412416341382, 'Affiliation-F': 0.6736477337649401}
Processing:861_OPPORTUNITY_id_20_HumanActivity_tr_2085_1st_2185.csv by TSPulse_ZS_fft
evaluation_result:  {'AUC-PR': 0.028585345433139973, 'AUC-ROC': 0.4185366469078957, 'VUS-PR': np.float64(0.02971689108864617), 'VUS-ROC': np.float64(0.4270497962305945), 'Standard-F1': np.float64(0.07213970501192717), 'PA-F1': 0.2846012832263978, 'Event-based-F1': np.float64(0.0710964321411498), 'R-based-F1': 0.15203555718677825, 'Affiliation-F': 0.8098076401347978}
Processing:862_OPPORTUNITY_id_21_HumanActivity_tr_500_1st_566.csv by TSPulse_ZS_fft
evaluation_result:  {'AUC-PR': 0.048294144517618924, 'AUC-ROC': 0.3814754880553006, 'VUS-PR': np.float64(0.060009365693889406), 'VUS-ROC': np.float64(0.4213530424710177), 'Standard-F1': np.float64(0.12319741440721256), 'PA-F1': 0.6390927284856571, 'Event-based-F1': np.float64(0.11637282628316975), 'R-based-F1': 0.18658271353549977, 'Affiliation-F': 0.7703228286967742}
Processing:863_OPPORTUNITY_id_22_HumanActivity_tr_808_1st_908.csv by TSPulse_ZS_fft
evaluation_result:  {'AUC-PR': 0.07950337190916522, 'AUC-ROC': 0.15896649271539884, 'VUS-PR': np.float64(0.08163242500378388), 'VUS-ROC': np.float64(0.16449196157206827), 'Standard-F1': np.float64(0.22394153521082025), 'PA-F1': 0.3617358251504593, 'Event-based-F1': np.float64(0.15573333333333317), 'R-based-F1': 0.2814215520826637, 'Affiliation-F': 0.6665375543970901}
Processing:865_OPPORTUNITY_id_24_HumanActivity_tr_2085_1st_2185.csv by TSPulse_ZS_fft
evaluation_result:  {'AUC-PR': 0.03349359258988917, 'AUC-ROC': 0.40988202384961125, 'VUS-PR': np.float64(0.038730117999230866), 'VUS-ROC': np.float64(0.4340837177938772), 'Standard-F1': np.float64(0.08484129778511068), 'PA-F1': 0.6853791369920402, 'Event-based-F1': np.float64(0.10410557184750721), 'R-based-F1': 0.1814452118946089, 'Affiliation-F': 0.7624117015830938}
Processing:866_OPPORTUNITY_id_25_HumanActivity_tr_6213_1st_7311.csv by TSPulse_ZS_fft
evaluation_result:  {'AUC-PR': 0.023744265757828075, 'AUC-ROC': 0.17646246681102754, 'VUS-PR': np.float64(0.033289137429502985), 'VUS-ROC': np.float64(0.22240666910381265), 'Standard-F1': np.float64(0.06779595519161932), 'PA-F1': 0.9920364050056882, 'Event-based-F1': np.float64(0.42424242424242387), 'R-based-F1': 0.2903645833333333, 'Affiliation-F': 0.9691218717048122}
Processing:867_OPPORTUNITY_id_26_HumanActivity_tr_808_1st_908.csv by TSPulse_ZS_fft
evaluation_result:  {'AUC-PR': 0.07835409024923645, 'AUC-ROC': 0.23272610806810096, 'VUS-PR': np.float64(0.0867263976429732), 'VUS-ROC': np.float64(0.26856275527848716), 'Standard-F1': np.float64(0.22394153521082025), 'PA-F1': 0.8583239383690342, 'Event-based-F1': np.float64(0.22379131116995174), 'R-based-F1': 0.3657512989314468, 'Affiliation-F': 0.8449508532699228}
Processing:868_OPPORTUNITY_id_27_HumanActivity_tr_2085_1st_2185.csv by TSPulse_ZS_fft
evaluation_result:  {'AUC-PR': 0.02403615796885268, 'AUC-ROC': 0.30652186992152614, 'VUS-PR': np.float64(0.02549672407341067), 'VUS-ROC': np.float64(0.3258565276822943), 'Standard-F1': np.float64(0.07276215243515625), 'PA-F1': 0.5891840607210627, 'Event-based-F1': np.float64(0.0710964321411498), 'R-based-F1': 0.30110119706807265, 'Affiliation-F': 0.7025440305377425}
Processing:869_OPPORTUNITY_id_28_HumanActivity_tr_500_1st_566.csv by TSPulse_ZS_fft
evaluation_result:  {'AUC-PR': 0.04503678404787575, 'AUC-ROC': 0.23916783474711795, 'VUS-PR': np.float64(0.07811053166240894), 'VUS-ROC': np.float64(0.35352413050925385), 'Standard-F1': np.float64(0.12179493909809697), 'PA-F1': 0.6208684381075826, 'Event-based-F1': np.float64(0.18679549114331695), 'R-based-F1': 0.4039079458914958, 'Affiliation-F': 0.84707506658639}
Processing:870_OPPORTUNITY_id_29_HumanActivity_tr_1477_1st_1577.csv by TSPulse_ZS_fft
evaluation_result:  {'AUC-PR': 0.12810003219245486, 'AUC-ROC': 0.6098140072309813, 'VUS-PR': np.float64(0.19199697730702653), 'VUS-ROC': np.float64(0.6669650924585111), 'Standard-F1': np.float64(0.3111589131980732), 'PA-F1': 0.9, 'Event-based-F1': np.float64(0.5632183908045973), 'R-based-F1': 0.4508220297623001, 'Affiliation-F': 0.9689648135354785}
==========================================================
Task 9 finished with exit code 0 at: Fri Jun 20 15:24:42 KST 2025
==========================================================
